// Copyright (C) 2008 - INRIA - Michael Baudin
//
// This file must be used under the terms of the CeCILL.
// This source file is licensed as described in the file COPYING, which
// you should have received as part of this distribution.  The terms
// are also available at
// http://www.cecill.info/licences/Licence_CeCILL_V2-en.txt
//
// assert_close --
//   Returns 1 if the two real matrices computed and expected are close,
//   i.e. if the relative distance between computed and expected is lesser than epsilon.
// Arguments
//   computed, expected : the two matrices to compare
//   epsilon : a small number
//
function flag = assert_close ( computed, expected, epsilon )
  if expected==0.0 then
    shift = norm(computed-expected);
  else
    shift = norm(computed-expected)/norm(expected);
  end
  if shift < epsilon then
    flag = 1;
  else
    flag = 0;
  end
  if flag <> 1 then bugmes();quit;end
endfunction
//
// assert_equal --
//   Returns 1 if the two real matrices computed and expected are equal.
// Arguments
//   computed, expected : the two matrices to compare
//   epsilon : a small number
//
function flag = assert_equal ( computed , expected )
  if computed==expected then
    flag = 1;
  else
    flag = 0;
  end
  if flag <> 1 then bugmes();quit;end
endfunction
//
// Check the configure/cget methods.
//
sequencearray = lowdisc_methods ();
for sequencename = sequencearray'
  lds = lowdisc_new(sequencename);
  //
  lds = lowdisc_configure(lds,"-dimension",12);
  nbdim = lowdisc_cget(lds,"-dimension");
  assert_equal ( nbdim , 12 );
  //
  i = lowdisc_get(lds,"-index");
  assert_equal ( i , 0 );
  //
  verbose = lowdisc_cget(lds,"-verbose");
  assert_equal ( verbose , %f );
  //
  lds = lowdisc_configure(lds,"-verbose",%T);
  verbose = lowdisc_cget(lds,"-verbose");
  assert_equal ( verbose , %T );
  //
  method = lowdisc_cget(lds,"-method");
  assert_equal ( method , sequencename );
  //
  lds = lowdisc_configure(lds,"-skip",12);
  skip = lowdisc_cget(lds,"-skip");
  assert_equal ( skip , 12 );
  //
  lds = lowdisc_configure(lds,"-leap",12);
  leap = lowdisc_cget(lds,"-leap");
  assert_equal ( leap , leap );
  //
  // Test printing system
  string(lds)
  lds
  lds.sequence
  lds = lowdisc_destroy(lds);
end
 ans  =
 
!Low Discrepancy Sequence:                                  !
!                                                           !
!=========================                                  !
!                                                           !
!method: halton                                             !
!                                                           !
!sequence: <a Low Discrepancy Sequence>                     !
!                                                           !
!                                                           !
!                                                           !
!Low Discrepancy Sequence: Halton                           !
!                                                           !
!=========================                                  !
!                                                           !
!Primes List (100 primes): [2 3 5 7 11 13 17 19 23 29] ...  !
!                                                           !
!                                                           !
!                                                           !
!Abstract Low Discrepancy Sequence:                         !
!                                                           !
!=========================                                  !
!                                                           !
!Dimension of space: 12                                     !
!                                                           !
!Index: 0                                                   !
!                                                           !
!Verbose logging: T                                         !
!                                                           !
!Skip: 12                                                   !
!                                                           !
!Leap: 12                                                   !
!                                                           !
!Started Up: F                                              !
 lds  =
 
Low Discrepancy Sequence:

=========================

method: halton

sequence: <a Low Discrepancy Sequence>



Low Discrepancy Sequence: Halton

=========================

Primes List (100 primes): [2 3 5 7 11 13 17 19 23 29] ...



Abstract Low Discrepancy Sequence:

=========================

Dimension of space: 12

Index: 0

Verbose logging: T

Skip: 12

Leap: 12

Started Up: F

 ans  =
 
Low Discrepancy Sequence: Halton

=========================

Primes List (100 primes): [2 3 5 7 11 13 17 19 23 29] ...



Abstract Low Discrepancy Sequence:

=========================

Dimension of space: 12

Index: 0

Verbose logging: T

Skip: 12

Leap: 12

Started Up: F

 ans  =
 
!Low Discrepancy Sequence:                                  !
!                                                           !
!=========================                                  !
!                                                           !
!method: haltonf                                            !
!                                                           !
!sequence: <a Low Discrepancy Sequence>                     !
!                                                           !
!                                                           !
!                                                           !
!Low Discrepancy Sequence: Halton                           !
!                                                           !
!=========================                                  !
!                                                           !
!Primes List (100 primes): [2 3 5 7 11 13 17 19 23 29] ...  !
!                                                           !
!                                                           !
!                                                           !
!Abstract Low Discrepancy Sequence:                         !
!                                                           !
!=========================                                  !
!                                                           !
!Dimension of space: 12                                     !
!                                                           !
!Index: 0                                                   !
!                                                           !
!Verbose logging: T                                         !
!                                                           !
!Skip: 12                                                   !
!                                                           !
!Leap: 12                                                   !
!                                                           !
!Started Up: F                                              !
 lds  =
 
Low Discrepancy Sequence:

=========================

method: haltonf

sequence: <a Low Discrepancy Sequence>



Low Discrepancy Sequence: Halton

=========================

Primes List (100 primes): [2 3 5 7 11 13 17 19 23 29] ...



Abstract Low Discrepancy Sequence:

=========================

Dimension of space: 12

Index: 0

Verbose logging: T

Skip: 12

Leap: 12

Started Up: F

 ans  =
 
Low Discrepancy Sequence: Halton

=========================

Primes List (100 primes): [2 3 5 7 11 13 17 19 23 29] ...



Abstract Low Discrepancy Sequence:

=========================

Dimension of space: 12

Index: 0

Verbose logging: T

Skip: 12

Leap: 12

Started Up: F

 ans  =
 
!Low Discrepancy Sequence:                                  !
!                                                           !
!=========================                                  !
!                                                           !
!method: faure                                              !
!                                                           !
!sequence: <a Low Discrepancy Sequence>                     !
!                                                           !
!                                                           !
!                                                           !
!Low Discrepancy Sequence: Faure                            !
!                                                           !
!=========================                                  !
!                                                           !
!Primes List (100 primes): [2 3 5 7 11 13 17 19 23 29] ...  !
!                                                           !
!                                                           !
!                                                           !
!Abstract Low Discrepancy Sequence:                         !
!                                                           !
!=========================                                  !
!                                                           !
!Dimension of space: 12                                     !
!                                                           !
!Index: 0                                                   !
!                                                           !
!Verbose logging: T                                         !
!                                                           !
!Skip: 12                                                   !
!                                                           !
!Leap: 12                                                   !
!                                                           !
!Started Up: F                                              !
 lds  =
 
Low Discrepancy Sequence:

=========================

method: faure

sequence: <a Low Discrepancy Sequence>



Low Discrepancy Sequence: Faure

=========================

Primes List (100 primes): [2 3 5 7 11 13 17 19 23 29] ...



Abstract Low Discrepancy Sequence:

=========================

Dimension of space: 12

Index: 0

Verbose logging: T

Skip: 12

Leap: 12

Started Up: F

 ans  =
 
Low Discrepancy Sequence: Faure

=========================

Primes List (100 primes): [2 3 5 7 11 13 17 19 23 29] ...



Abstract Low Discrepancy Sequence:

=========================

Dimension of space: 12

Index: 0

Verbose logging: T

Skip: 12

Leap: 12

Started Up: F

 ans  =
 
!Low Discrepancy Sequence:                                  !
!                                                           !
!=========================                                  !
!                                                           !
!method: fauref                                             !
!                                                           !
!sequence: <a Low Discrepancy Sequence>                     !
!                                                           !
!                                                           !
!                                                           !
!Low Discrepancy Sequence: Faure Fast                       !
!                                                           !
!=========================                                  !
!                                                           !
!Primes List (100 primes): [2 3 5 7 11 13 17 19 23 29] ...  !
!                                                           !
!                                                           !
!                                                           !
!Abstract Low Discrepancy Sequence:                         !
!                                                           !
!=========================                                  !
!                                                           !
!Dimension of space: 12                                     !
!                                                           !
!Index: 0                                                   !
!                                                           !
!Verbose logging: T                                         !
!                                                           !
!Skip: 12                                                   !
!                                                           !
!Leap: 12                                                   !
!                                                           !
!Started Up: F                                              !
 lds  =
 
Low Discrepancy Sequence:

=========================

method: fauref

sequence: <a Low Discrepancy Sequence>



Low Discrepancy Sequence: Faure Fast

=========================

Primes List (100 primes): [2 3 5 7 11 13 17 19 23 29] ...



Abstract Low Discrepancy Sequence:

=========================

Dimension of space: 12

Index: 0

Verbose logging: T

Skip: 12

Leap: 12

Started Up: F

 ans  =
 
Low Discrepancy Sequence: Faure Fast

=========================

Primes List (100 primes): [2 3 5 7 11 13 17 19 23 29] ...



Abstract Low Discrepancy Sequence:

=========================

Dimension of space: 12

Index: 0

Verbose logging: T

Skip: 12

Leap: 12

Started Up: F

 ans  =
 
!Low Discrepancy Sequence:                                  !
!                                                           !
!=========================                                  !
!                                                           !
!method: reversehalton                                      !
!                                                           !
!sequence: <a Low Discrepancy Sequence>                     !
!                                                           !
!                                                           !
!                                                           !
!Low Discrepancy Sequence: Reverse Halton                   !
!                                                           !
!=========================                                  !
!                                                           !
!Primes List (100 primes): [2 3 5 7 11 13 17 19 23 29] ...  !
!                                                           !
!                                                           !
!                                                           !
!Abstract Low Discrepancy Sequence:                         !
!                                                           !
!=========================                                  !
!                                                           !
!Dimension of space: 12                                     !
!                                                           !
!Index: 0                                                   !
!                                                           !
!Verbose logging: T                                         !
!                                                           !
!Skip: 12                                                   !
!                                                           !
!Leap: 12                                                   !
!                                                           !
!Started Up: F                                              !
 lds  =
 
Low Discrepancy Sequence:

=========================

method: reversehalton

sequence: <a Low Discrepancy Sequence>



Low Discrepancy Sequence: Reverse Halton

=========================

Primes List (100 primes): [2 3 5 7 11 13 17 19 23 29] ...



Abstract Low Discrepancy Sequence:

=========================

Dimension of space: 12

Index: 0

Verbose logging: T

Skip: 12

Leap: 12

Started Up: F

 ans  =
 
Low Discrepancy Sequence: Reverse Halton

=========================

Primes List (100 primes): [2 3 5 7 11 13 17 19 23 29] ...



Abstract Low Discrepancy Sequence:

=========================

Dimension of space: 12

Index: 0

Verbose logging: T

Skip: 12

Leap: 12

Started Up: F

 ans  =
 
!Low Discrepancy Sequence:                                  !
!                                                           !
!=========================                                  !
!                                                           !
!method: reversehaltonf                                     !
!                                                           !
!sequence: <a Low Discrepancy Sequence>                     !
!                                                           !
!                                                           !
!                                                           !
!Low Discrepancy Sequence: Reverse Halton                   !
!                                                           !
!=========================                                  !
!                                                           !
!Primes List (100 primes): [2 3 5 7 11 13 17 19 23 29] ...  !
!                                                           !
!                                                           !
!                                                           !
!Abstract Low Discrepancy Sequence:                         !
!                                                           !
!=========================                                  !
!                                                           !
!Dimension of space: 12                                     !
!                                                           !
!Index: 0                                                   !
!                                                           !
!Verbose logging: T                                         !
!                                                           !
!Skip: 12                                                   !
!                                                           !
!Leap: 12                                                   !
!                                                           !
!Started Up: F                                              !
 lds  =
 
Low Discrepancy Sequence:

=========================

method: reversehaltonf

sequence: <a Low Discrepancy Sequence>



Low Discrepancy Sequence: Reverse Halton

=========================

Primes List (100 primes): [2 3 5 7 11 13 17 19 23 29] ...



Abstract Low Discrepancy Sequence:

=========================

Dimension of space: 12

Index: 0

Verbose logging: T

Skip: 12

Leap: 12

Started Up: F

 ans  =
 
Low Discrepancy Sequence: Reverse Halton

=========================

Primes List (100 primes): [2 3 5 7 11 13 17 19 23 29] ...



Abstract Low Discrepancy Sequence:

=========================

Dimension of space: 12

Index: 0

Verbose logging: T

Skip: 12

Leap: 12

Started Up: F

 ans  =
 
!Low Discrepancy Sequence:               !
!                                        !
!=========================               !
!                                        !
!method: sobol                           !
!                                        !
!sequence: <a Low Discrepancy Sequence>  !
!                                        !
!                                        !
!                                        !
!Low Discrepancy Sequence: Sobol         !
!                                        !
!=========================               !
!                                        !
!                                        !
!                                        !
!Abstract Low Discrepancy Sequence:      !
!                                        !
!=========================               !
!                                        !
!Dimension of space: 12                  !
!                                        !
!Index: 0                                !
!                                        !
!Verbose logging: T                      !
!                                        !
!Skip: 12                                !
!                                        !
!Leap: 12                                !
!                                        !
!Started Up: F                           !
 lds  =
 
Low Discrepancy Sequence:

=========================

method: sobol

sequence: <a Low Discrepancy Sequence>



Low Discrepancy Sequence: Sobol

=========================



Abstract Low Discrepancy Sequence:

=========================

Dimension of space: 12

Index: 0

Verbose logging: T

Skip: 12

Leap: 12

Started Up: F

 ans  =
 
Low Discrepancy Sequence: Sobol

=========================



Abstract Low Discrepancy Sequence:

=========================

Dimension of space: 12

Index: 0

Verbose logging: T

Skip: 12

Leap: 12

Started Up: F

 ans  =
 
!Low Discrepancy Sequence:               !
!                                        !
!=========================               !
!                                        !
!method: sobolf                          !
!                                        !
!sequence: <a Low Discrepancy Sequence>  !
!                                        !
!                                        !
!                                        !
!Low Discrepancy Sequence: Fast Sobol    !
!                                        !
!=========================               !
!                                        !
!                                        !
!                                        !
!Abstract Low Discrepancy Sequence:      !
!                                        !
!=========================               !
!                                        !
!Dimension of space: 12                  !
!                                        !
!Index: 0                                !
!                                        !
!Verbose logging: T                      !
!                                        !
!Skip: 12                                !
!                                        !
!Leap: 12                                !
!                                        !
!Started Up: F                           !
 lds  =
 
Low Discrepancy Sequence:

=========================

method: sobolf

sequence: <a Low Discrepancy Sequence>



Low Discrepancy Sequence: Fast Sobol

=========================



Abstract Low Discrepancy Sequence:

=========================

Dimension of space: 12

Index: 0

Verbose logging: T

Skip: 12

Leap: 12

Started Up: F

 ans  =
 
Low Discrepancy Sequence: Fast Sobol

=========================



Abstract Low Discrepancy Sequence:

=========================

Dimension of space: 12

Index: 0

Verbose logging: T

Skip: 12

Leap: 12

Started Up: F

 ans  =
 
!Low Discrepancy Sequence:                      !
!                                               !
!=========================                      !
!                                               !
!method: niederreiter-base-2                    !
!                                               !
!sequence: <a Low Discrepancy Sequence>         !
!                                               !
!                                               !
!                                               !
!Low Discrepancy Sequence: Niederreiter Base 2  !
!                                               !
!=========================                      !
!                                               !
!                                               !
!                                               !
!Abstract Low Discrepancy Sequence:             !
!                                               !
!=========================                      !
!                                               !
!Dimension of space: 12                         !
!                                               !
!Index: 0                                       !
!                                               !
!Verbose logging: T                             !
!                                               !
!Skip: 12                                       !
!                                               !
!Leap: 12                                       !
!                                               !
!Started Up: F                                  !
 lds  =
 
Low Discrepancy Sequence:

=========================

method: niederreiter-base-2

sequence: <a Low Discrepancy Sequence>



Low Discrepancy Sequence: Niederreiter Base 2

=========================



Abstract Low Discrepancy Sequence:

=========================

Dimension of space: 12

Index: 0

Verbose logging: T

Skip: 12

Leap: 12

Started Up: F

 ans  =
 
Low Discrepancy Sequence: Niederreiter Base 2

=========================



Abstract Low Discrepancy Sequence:

=========================

Dimension of space: 12

Index: 0

Verbose logging: T

Skip: 12

Leap: 12

Started Up: F

 ans  =
 
!Low Discrepancy Sequence:                                             !
!                                                                      !
!=========================                                             !
!                                                                      !
!method: niederreiterf                                                 !
!                                                                      !
!sequence: <a Low Discrepancy Sequence>                                !
!                                                                      !
!                                                                      !
!                                                                      !
!Low Discrepancy Sequence: Fast Niederreiter                           !
!                                                                      !
!=========================                                             !
!                                                                      !
!Base: 2                                                               !
!                                                                      !
!Gfaritfile: TMPDIR\gfarit.tx!
!     t                                                                !
!                                                                      !
!Gfplysfile: TMPDIR\gfplys.tx!
!     t                                                                !
!                                                                      !
!                                                                      !
!                                                                      !
!Abstract Low Discrepancy Sequence:                                    !
!                                                                      !
!=========================                                             !
!                                                                      !
!Dimension of space: 12                                                !
!                                                                      !
!Index: 0                                                              !
!                                                                      !
!Verbose logging: T                                                    !
!                                                                      !
!Skip: 12                                                              !
!                                                                      !
!Leap: 12                                                              !
!                                                                      !
!Started Up: F                                                         !
 lds  =
 
Low Discrepancy Sequence:

=========================

method: niederreiterf

sequence: <a Low Discrepancy Sequence>



Low Discrepancy Sequence: Fast Niederreiter

=========================

Base: 2

Gfaritfile: TMPDIR\gfarit.txt

Gfplysfile: TMPDIR\gfplys.txt



Abstract Low Discrepancy Sequence:

=========================

Dimension of space: 12

Index: 0

Verbose logging: T

Skip: 12

Leap: 12

Started Up: F

 ans  =
 
Low Discrepancy Sequence: Fast Niederreiter

=========================

Base: 2

Gfaritfile: TMPDIR\gfarit.txt

Gfplysfile: TMPDIR\gfplys.txt



Abstract Low Discrepancy Sequence:

=========================

Dimension of space: 12

Index: 0

Verbose logging: T

Skip: 12

Leap: 12

Started Up: F

