// Copyright (C) 2008 - INRIA - Michael Baudin
// Copyright G. Jungman 
// Copyright O. Teytaud
//
// This file must be used under the terms of the CeCILL.
// This source file is licensed as described in the file COPYING, which
// you should have received as part of this distribution.  The terms
// are also available at
// http://www.cecill.info/licences/Licence_CeCILL_V2-en.txt
//
// assert_close --
//   Returns 1 if the two real matrices computed and expected are close,
//   i.e. if the relative distance between computed and expected is lesser than epsilon.
// Arguments
//   computed, expected : the two matrices to compare
//   epsilon : a small number
//
function flag = assert_close ( computed, expected, epsilon )
  if expected==0.0 then
    shift = norm(computed-expected);
  else
    shift = norm(computed-expected)/norm(expected);
  end
  if shift < epsilon then
    flag = 1;
  else
    flag = 0;
  end
  if flag <> 1 then bugmes();quit;end
endfunction
//
// The following is a port of the test out of the GSL
//
// test in dimension 1229
rng = lowdisc_new();
rng = lowdisc_configure(rng,"-method","haltonf");
rng = lowdisc_configure(rng,"-dimension",1229);
prarray = lowdisc_primes10000 ( );
rng = lowdisc_configure(rng,"-primeslist",prarray);
rng = lowdisc_startup (rng);
for i=0:30
  [rng,computed] = lowdisc_next (rng);
end
rng = lowdisc_destroy(rng);
// test in dimension 2 */
// should be
// 0.5 0.333333
// 0.25 0.666667
// 0.75 0.111111
// 0.125 0.444444*/
rng = lowdisc_new();
rng = lowdisc_configure(rng,"-method","haltonf");
rng = lowdisc_configure(rng,"-dimension",2);
rng = lowdisc_startup (rng);
[rng,computed] = lowdisc_next (rng);
[rng,computed] = lowdisc_next (rng);
[rng,computed] = lowdisc_next (rng);
assert_close ( computed, [3.0/4.0 1.0/9.0], 10 * %eps );
[rng,computed] = lowdisc_next (rng);
assert_close ( computed, [1.0/8.0 4.0/9.0], 10 * %eps );
rng = lowdisc_destroy(rng);
// test in dimension 3 */
rng = lowdisc_new();
rng = lowdisc_configure(rng,"-method","haltonf");
rng = lowdisc_configure(rng,"-dimension",3);
rng = lowdisc_startup (rng);
[rng,computed] = lowdisc_next (rng);
[rng,computed] = lowdisc_next (rng);
[rng,computed] = lowdisc_next (rng);
assert_close ( computed, [0.75 1.0/9.0 0.6], 10 * %eps );
[rng,computed] = lowdisc_next (rng);
assert_close ( computed, [0.125 4.0/9.0 0.8], 10 * %eps );
rng = lowdisc_reset (rng);
[rng,computed] = lowdisc_next (rng);
[rng,computed] = lowdisc_next (rng);
[rng,computed] = lowdisc_next (rng);
assert_close ( computed, [0.75 1.0/9.0 0.6], 10 * %eps );
[rng,computed] = lowdisc_next (rng);
assert_close ( computed, [0.125 4.0/9.0 0.8], 10 * %eps );
rng = lowdisc_destroy(rng);
