// Copyright (C) 2008 - INRIA - Michael Baudin
//
// This file must be used under the terms of the CeCILL.
// This source file is licensed as described in the file COPYING, which
// you should have received as part of this distribution.  The terms
// are also available at
// http://www.cecill.info/licences/Licence_CeCILL_V2-en.txt
//
// assert_close --
//   Returns 1 if the two real matrices computed and expected are close,
//   i.e. if the relative distance between computed and expected is lesser than epsilon.
// Arguments
//   computed, expected : the two matrices to compare
//   epsilon : a small number
//
function flag = assert_close ( computed, expected, epsilon )
  if expected==0.0 then
    shift = norm(computed-expected);
  else
    shift = norm(computed-expected)/norm(expected);
  end
  if shift < epsilon then
    flag = 1;
  else
    flag = 0;
  end
  if flag <> 1 then bugmes();quit;end
endfunction
//
// assert_equal --
//   Returns 1 if the two real matrices computed and expected are equal.
// Arguments
//   computed, expected : the two matrices to compare
//   epsilon : a small number
//
function flag = assert_equal ( computed , expected )
  if computed==expected then
    flag = 1;
  else
    flag = 0;
  end
  if flag <> 1 then bugmes();quit;end
endfunction
// A word of caution !
// In dimension 4, the programs GENIN and GENIN2 do produce the 
// same results but in different orders:
// GENIN GENIN2
// #1    #1    
// #2    #2    
// #3    #4    
// #4    #3    
// #5    #8
// #6    #7
// #7    #5
// #8    #6
// etc...
//
// Test the "hidden" API
//
start = _lowdisc_niedfisstart ( );
assert_equal ( start , 0 );
dim = 4;
base = 2;
skip = 0;
gfaritfile = fullfile(TMPDIR,"gfarit.txt")
 gfaritfile  =
 
 TMPDIR\gfarit.txt   
gfplysfile = fullfile(TMPDIR,"gfplys.txt")
 gfplysfile  =
 
 TMPDIR\gfplys.txt   
_lowdisc_niedfstart ( dim , base , skip , gfaritfile , gfplysfile);
start = _lowdisc_niedfisstart ( );
assert_equal ( start , 1 );
dim2 = _lowdisc_niedfdimget( );
assert_equal ( dim2 , dim );
base2 = _lowdisc_niedfbaseget( );
assert_equal ( base2 , base );
skip2 = _lowdisc_niedfskipget( );
assert_equal ( skip2 , skip );
computed = [];
// Skip first term
next = _lowdisc_niedfnext ( );
expected = [0.000000      0.000000      0.000000      0.000000];
assert_close ( next , expected , %eps );
for i = 1 : 9;
  next = _lowdisc_niedfnext ( );
  computed(i,1:dim) = next;
end
// These values are from TOMS 738 / GENIN
expected= [
  0.500000      0.500000      0.750000      0.875000
  0.250000      0.750000      0.562500      0.765625
  0.750000      0.250000      0.312500      0.140625
  0.125000      0.625000      0.437500      0.546875
  0.625000      0.125000      0.687500      0.421875
  0.375000      0.375000      0.875000      0.281250
  0.875000      0.875000      0.125000      0.656250
  0.062500      0.937500      0.953125      0.234375
  0.562500      0.437500      0.203125      0.859375
];
assert_close ( computed , expected , 1.e-4 );
_lowdisc_niedfstop ( );
start = _lowdisc_niedfisstart ( );
assert_equal ( start , 0 );
//
// Check the Fast Niederreiter sequence 
// Use base 2 - this is the default.
//
rng = lowdisc_new("niederreiterf");
rng = lowdisc_configure(rng,"-dimension",4);
rng = lowdisc_startup (rng);
// Term #1
[rng,computed] = lowdisc_next (rng);
expected = [0.000000      0.000000      0.000000      0.000000];
assert_close ( computed, expected , 10 * %eps );
// Terms #2 to #6
[rng,computed]=lowdisc_next(rng,9);
expected= [...
  0.500000      0.500000      0.750000      0.875000
  0.250000      0.750000      0.562500      0.765625
  0.750000      0.250000      0.312500      0.140625
  0.125000      0.625000      0.437500      0.546875
  0.625000      0.125000      0.687500      0.421875
  0.375000      0.375000      0.875000      0.281250
  0.875000      0.875000      0.125000      0.656250
  0.062500      0.937500      0.953125      0.234375
  0.562500      0.437500      0.203125      0.859375
];
assert_close ( computed, expected , 1.e-4 );
rng = lowdisc_destroy(rng);
//
// Check the Fast Niederreiter sequence 
// Use base 7.
//
rng = lowdisc_new("niederreiterf");
rng = lowdisc_configure(rng,"-dimension",6);
rng = lowdisc_configure(rng,"-base",7);
rng = lowdisc_startup (rng);
// Terms #1 to #10
[rng,computed]=lowdisc_next(rng,10);
expected= [...
  0.000000       0.000000       0.000000       0.000000       0.000000       0.000000
  0.142857       0.142857       0.142857       0.142857       0.142857       0.142857
  0.285714       0.285714       0.285714       0.285714       0.285714       0.285714
  0.428571       0.428571       0.428571       0.428571       0.428571       0.428571
  0.571429       0.571429       0.571429       0.571429       0.571429       0.571429
  0.714286       0.714286       0.714286       0.714286       0.714286       0.714286
  0.857143       0.857143       0.857143       0.857143       0.857143       0.857143
  0.020408       0.877551       0.734694       0.591837       0.448980       0.306122
  0.163265       0.020408       0.877551       0.734694       0.591837       0.448980
  0.306122       0.163265       0.020408       0.877551       0.734694       0.591837
];
assert_close ( computed, expected , 1.e-4 );
rng = lowdisc_destroy(rng);
