// Copyright (C) 2008 - INRIA - Michael Baudin
// Copyright G. Jungman 
// Copyright O. Teytaud
//
// This file must be used under the terms of the CeCILL.
// This source file is licensed as described in the file COPYING, which
// you should have received as part of this distribution.  The terms
// are also available at
// http://www.cecill.info/licences/Licence_CeCILL_V2-en.txt
//
// assert_close --
//   Returns 1 if the two real matrices computed and expected are close,
//   i.e. if the relative distance between computed and expected is lesser than epsilon.
// Arguments
//   computed, expected : the two matrices to compare
//   epsilon : a small number
//
function flag = assert_close ( computed, expected, epsilon )
  if expected==0.0 then
    shift = norm(computed-expected);
  else
    shift = norm(computed-expected)/norm(expected);
  end
  if shift < epsilon then
    flag = 1;
  else
    flag = 0;
  end
  if flag <> 1 then bugmes();quit;end
endfunction
//
// test Fast Sobol in dimension 2 
rng = lowdisc_new();
rng = lowdisc_configure(rng,"-method","sobolf");
rng = lowdisc_configure(rng,"-dimension",2);
rng = lowdisc_startup (rng);
[rng,computed] = lowdisc_next (rng);
[rng,computed] = lowdisc_next (rng);
[rng,computed] = lowdisc_next (rng);
expected = [0.25 0.75];
assert_close ( computed, expected, 10*%eps );
[rng,computed] = lowdisc_next (rng);
expected = [0.375 0.375];
assert_close ( computed, expected, 10*%eps );
rng = lowdisc_destroy(rng);
// test in dimension 3
rng = lowdisc_new();
rng = lowdisc_configure(rng,"-method","sobolf");
rng = lowdisc_configure(rng,"-dimension",3);
rng = lowdisc_startup (rng);
[rng,computed] = lowdisc_next (rng);
[rng,computed] = lowdisc_next (rng);
[rng,computed] = lowdisc_next (rng);
expected = [0.25 0.75 0.25];
assert_close ( computed, expected, 10*%eps );
[rng,computed] = lowdisc_next (rng);
expected = [0.375 0.375 0.625];
assert_close ( computed, expected, 10*%eps );
rng = lowdisc_reset (rng);
[rng,computed] = lowdisc_next (rng);
[rng,computed] = lowdisc_next (rng);
[rng,computed] = lowdisc_next (rng);
expected = [0.25 0.75 0.25];
assert_close ( computed, expected, 10*%eps );
[rng,computed] = lowdisc_next (rng);
expected = [0.375 0.375 0.625];
assert_close ( computed, expected, 10*%eps );
rng = lowdisc_destroy(rng);
