// Copyright (C) 2013 - Michael Baudin
//
// This file must be used under the terms of the 
// GNU LGPL license.
// 
// <-- JVM NOT MANDATORY -->
// <-- ENGLISH IMPOSED -->
// Scrambled Sobol sequence
//
// configure/cget
lds=lowdisc_new("sobol");
lds=lowdisc_configure(lds,"-scrambling","Owen");
scrambling=lowdisc_cget(lds,"-scrambling");
assert_checkequal(scrambling,"Owen");
lds=lowdisc_destroy(lds);
//
// configure/cget
lds=lowdisc_new("sobol");
scrambling=lowdisc_cget(lds,"-scrambling");
assert_checkequal(scrambling,"");
lds=lowdisc_destroy(lds);
//
for dimension=[2 3 5];
    filename=msprintf("ssobol-iflag1-s%d-n50.csv",dimension);
    mprintf("Checking %s\n",filename)
    path = lowdisc_getpath (  );
    dataset=fullfile(path,"tests","unit_tests","ssobol-datasets",filename);
    expected = csvRead(dataset," ",".",[],[],"/#(.*)/");
    lds=lowdisc_new("sobol");
    lds=lowdisc_configure(lds,"-dimension",dimension);
    lds=lowdisc_configure(lds,"-scrambling","Owen");
    lds = lowdisc_startup (lds);
    [lds,computed] = lowdisc_next (lds,50);
    lds=lowdisc_destroy(lds);
    assert_checkalmostequal(expected,computed,[],1.e-5);
end
Checking ssobol-iflag1-s2-n50.csv
Checking ssobol-iflag1-s3-n50.csv
Checking ssobol-iflag1-s5-n50.csv
if (%f) then
// TODO
 _lowdisc_ssobolseedset(seq,seed)
end
