// Copyright (C) 2013 - Michael Baudin
// Copyright (C) 2008-2009 - INRIA - Michael Baudin
// Copyright (C) 2009-2011 - DIGITEO - Michael Baudin
//
// This file must be used under the terms of the 
// GNU LGPL license.
// 
// <-- JVM NOT MANDATORY -->
// <-- ENGLISH IMPOSED -->
//
// Check the sequences for all their available range of dimensions.
//
seqmat = lowdisc_methods ();
for seqname = seqmat'
  lds = lowdisc_new(seqname);
  dimmax = lowdisc_get(lds,"-dimmax");
  lds = lowdisc_destroy(lds);
  dimension = 0;
  mprintf("==============================\n")
  mprintf("Sequence=%s, Maximum Dimension=%d\n",seqname,dimmax)
  // Do not try all dimensions : 
  // Try the first tens : 1, 2, 3, ..., 10
  // Try the maximum.
  // Try 5 random dimensions between 11 and dimmax-1.
  dimmat(1:10) = [1:10];
  dimmat(11) = dimmax;
  dimmat(12:16) = grand(1,5,"uin",11,dimmax-1);
  dimmat = gsort(dimmat,"g","i");
  for dimension = dimmat
    mprintf("Sequence=%s, Dimension=%d/%d\n",seqname,dimension,dimmax)
    lds = lowdisc_new(seqname);
    lds = lowdisc_configure(lds,"-dimension",dimension);
    [lds,computed] = lowdisc_next (lds,20);
    lds = lowdisc_destroy(lds);
  end
end
==============================
Sequence=halton, Maximum Dimension=100
Sequence=halton, Dimension=1/100
Sequence=halton, Dimension=2/100
Sequence=halton, Dimension=3/100
Sequence=halton, Dimension=4/100
Sequence=halton, Dimension=5/100
Sequence=halton, Dimension=6/100
Sequence=halton, Dimension=7/100
Sequence=halton, Dimension=8/100
Sequence=halton, Dimension=9/100
Sequence=halton, Dimension=10/100
Sequence=halton, Dimension=16/100
Sequence=halton, Dimension=22/100
Sequence=halton, Dimension=30/100
Sequence=halton, Dimension=40/100
Sequence=halton, Dimension=47/100
Sequence=halton, Dimension=100/100
==============================
Sequence=faure, Maximum Dimension=541
Sequence=faure, Dimension=1/541
Sequence=faure, Dimension=2/541
Sequence=faure, Dimension=3/541
Sequence=faure, Dimension=4/541
Sequence=faure, Dimension=5/541
Sequence=faure, Dimension=6/541
Sequence=faure, Dimension=7/541
Sequence=faure, Dimension=8/541
Sequence=faure, Dimension=9/541
Sequence=faure, Dimension=10/541
Sequence=faure, Dimension=99/541
Sequence=faure, Dimension=116/541
Sequence=faure, Dimension=152/541
Sequence=faure, Dimension=420/541
Sequence=faure, Dimension=534/541
Sequence=faure, Dimension=541/541
==============================
Sequence=sobol, Maximum Dimension=1111
Sequence=sobol, Dimension=1/1111
Sequence=sobol, Dimension=2/1111
Sequence=sobol, Dimension=3/1111
Sequence=sobol, Dimension=4/1111
Sequence=sobol, Dimension=5/1111
Sequence=sobol, Dimension=6/1111
Sequence=sobol, Dimension=7/1111
Sequence=sobol, Dimension=8/1111
Sequence=sobol, Dimension=9/1111
Sequence=sobol, Dimension=10/1111
Sequence=sobol, Dimension=46/1111
Sequence=sobol, Dimension=437/1111
Sequence=sobol, Dimension=476/1111
Sequence=sobol, Dimension=550/1111
Sequence=sobol, Dimension=751/1111
Sequence=sobol, Dimension=1111/1111
==============================
Sequence=niederreiter, Maximum Dimension=50
Sequence=niederreiter, Dimension=1/50
Sequence=niederreiter, Dimension=2/50
Sequence=niederreiter, Dimension=3/50
Sequence=niederreiter, Dimension=4/50
Sequence=niederreiter, Dimension=5/50
Sequence=niederreiter, Dimension=6/50
Sequence=niederreiter, Dimension=7/50
Sequence=niederreiter, Dimension=8/50
Sequence=niederreiter, Dimension=9/50
Sequence=niederreiter, Dimension=10/50
Sequence=niederreiter, Dimension=12/50
Sequence=niederreiter, Dimension=14/50
Sequence=niederreiter, Dimension=21/50
Sequence=niederreiter, Dimension=35/50
Sequence=niederreiter, Dimension=36/50
Sequence=niederreiter, Dimension=50/50
//
// Check the error messages when the sequences go beyond their available range of dimensions.
//
// Map from sequence name to error message
name2error = [
"halton"               "ldhaltonf_startup: The fast Halton method is not available for 101 dimension because the database contains only 100 primes"
"faure"                "ldfauref_startup: Faure Fast sequence : the dimension 542 is larger than any prime in the table. Configure the -primeslist option to increase the prime table."
"sobol"                "Lowdisc: Error at the library level:sobol - i8_sobol - Error  The spatial dimension DIM_NUM should satisfy    1 <= DIM_NUM <= 1111  But this input value is DIM_NUM = 1112"
"niederreiter"         "Lowdisc: Error at the library level:niederreiter - INLO - Error!  Bad spatial dimension."
];
seqmat = lowdisc_methods ();
for seqname = seqmat'
for k = 1 : 2
// Test two times, to check that destroying works well,
// even in case of error.
  mprintf("==============================\n")
  lds = lowdisc_new(seqname);
  dimmax = lowdisc_get(lds,"-dimmax");
  dimension = dimmax + 1;
  mprintf("Sequence=%s, Dimension=%d/%d\n",seqname,dimension,dimmax)
  lds = lowdisc_configure(lds,"-dimension",dimension);
  cmd = "[lds,computed] = lowdisc_next (lds);";
  ierr = execstr(cmd,"errcatch");
  assert_checkequal ( or(ierr==[10000 999]) , %t );
  errmsg = lasterror();
  errmsg = strcat(errmsg(:));
  mprintf("Error (code=%d): %s\n",ierr,errmsg);
  k = find(seqname==name2error(:,1));
  expected = name2error(k,2);
  assert_checkequal(errmsg,expected);
  lds = lowdisc_destroy(lds);
end
end
==============================
Sequence=halton, Dimension=101/100
Error (code=10000): ldhaltonf_startup: The fast Halton method is not available for 101 dimension because the database contains only 100 primes
==============================
Sequence=halton, Dimension=101/100
Error (code=10000): ldhaltonf_startup: The fast Halton method is not available for 101 dimension because the database contains only 100 primes
==============================
Sequence=faure, Dimension=542/541
Error (code=10000): ldfauref_startup: Faure Fast sequence : the dimension 542 is larger than any prime in the table. Configure the -primeslist option to increase the prime table.
==============================
Sequence=faure, Dimension=542/541
Error (code=10000): ldfauref_startup: Faure Fast sequence : the dimension 542 is larger than any prime in the table. Configure the -primeslist option to increase the prime table.
==============================
Sequence=sobol, Dimension=1112/1111
Low Discrepancy Module Error !Error (code=999): Lowdisc: Error at the library level:sobol - i8_sobol - Error  The spatial dimension DIM_NUM should satisfy    1 <= DIM_NUM <= 1111  But this input value is DIM_NUM = 1112
==============================
Sequence=sobol, Dimension=1112/1111
Low Discrepancy Module Error !Error (code=999): Lowdisc: Error at the library level:sobol - i8_sobol - Error  The spatial dimension DIM_NUM should satisfy    1 <= DIM_NUM <= 1111  But this input value is DIM_NUM = 1112
==============================
Sequence=niederreiter, Dimension=51/50
Low Discrepancy Module Error !Error (code=999): Lowdisc: Error at the library level:niederreiter - INLO - Error!  Bad spatial dimension.
==============================
Sequence=niederreiter, Dimension=51/50
Low Discrepancy Module Error !Error (code=999): Lowdisc: Error at the library level:niederreiter - INLO - Error!  Bad spatial dimension.
// Must generate an error:
lds=lowdisc_new("sobol");
lds=lowdisc_configure(lds,"-dimension",50);
lds=lowdisc_configure(lds,"-scrambling","Owen");
instr="[lds,computed] = lowdisc_next (lds);";
expectedmsg=["Lowdisc: Error at the library level:";"ssobol - init : wrong dimension : 50 (must be in [1,40])."];
assert_checkerror ( instr , expectedmsg );
Low Discrepancy Module Error !
lds=lowdisc_destroy(lds);
