// Copyright (C) 2008-2009 - INRIA - Michael Baudin
// Copyright (C) 2009-2011 - DIGITEO - Michael Baudin
//
// This file must be used under the terms of the GNU LGPL license.
// 
// <-- JVM NOT MANDATORY -->
// <-- ENGLISH IMPOSED -->
// <-- NO CHECK REF --> 
//
// Check the printing system.
// Do not check the reference file, because 
// temporary files used by Niederreiter algorithm: 
// this depends on the O.S. in a non-portable way.
//
sequencearray = lowdisc_methods ();
for sequencename = sequencearray'
  lds = lowdisc_new(sequencename);
  //
  // Test the display before startup
  disp(string(lds))
  disp(lds)
  //

  // Test printing system (after startup)
  disp(string(lds))
  disp(lds)
  disp(lds.sequence)
  lds = lowdisc_destroy(lds);
end
 
!Low Discrepancy Sequence:                                  !
!                                                           !
!=========================                                  !
!                                                           !
!method: halton                                             !
!                                                           !
!sequence: <a Low Discrepancy Sequence>                     !
!                                                           !
!                                                           !
!                                                           !
!Low Discrepancy Sequence: Halton Fast                      !
!                                                           !
!=========================                                  !
!                                                           !
!Primes List (100 primes): [2 3 5 7 11 13 17 19 23 29] ...  !
!                                                           !
!Maximum number of simulations = 2.147D+09                  !
!                                                           !
!                                                           !
!                                                           !
!Abstract Low Discrepancy Sequence:                         !
!                                                           !
!=========================                                  !
!                                                           !
!Dimension of space: 1                                      !
!                                                           !
!Index: 0                                                   !
!                                                           !
!Verbose logging: F                                         !
!                                                           !
!Skip: 0                                                    !
!                                                           !
!Leap: 0                                                    !
!                                                           !
!Started Up: F                                              !
!                                                           !
!Speed: fast                                                !
 
Low Discrepancy Sequence:
=========================
method: halton
sequence: <a Low Discrepancy Sequence>

Low Discrepancy Sequence: Halton Fast
=========================
Primes List (100 primes): [2 3 5 7 11 13 17 19 23 29] ...
Maximum number of simulations = 2.147D+09

Abstract Low Discrepancy Sequence:
=========================
Dimension of space: 1
Index: 0
Verbose logging: F
Skip: 0
Leap: 0
Started Up: F
Speed: fast
 
!Low Discrepancy Sequence:                                  !
!                                                           !
!=========================                                  !
!                                                           !
!method: halton                                             !
!                                                           !
!sequence: <a Low Discrepancy Sequence>                     !
!                                                           !
!                                                           !
!                                                           !
!Low Discrepancy Sequence: Halton Fast                      !
!                                                           !
!=========================                                  !
!                                                           !
!Primes List (100 primes): [2 3 5 7 11 13 17 19 23 29] ...  !
!                                                           !
!Maximum number of simulations = 2.147D+09                  !
!                                                           !
!                                                           !
!                                                           !
!Abstract Low Discrepancy Sequence:                         !
!                                                           !
!=========================                                  !
!                                                           !
!Dimension of space: 1                                      !
!                                                           !
!Index: 0                                                   !
!                                                           !
!Verbose logging: F                                         !
!                                                           !
!Skip: 0                                                    !
!                                                           !
!Leap: 0                                                    !
!                                                           !
!Started Up: T                                              !
!                                                           !
!Speed: fast                                                !
 
Low Discrepancy Sequence:
=========================
method: halton
sequence: <a Low Discrepancy Sequence>

Low Discrepancy Sequence: Halton Fast
=========================
Primes List (100 primes): [2 3 5 7 11 13 17 19 23 29] ...
Maximum number of simulations = 2.147D+09

Abstract Low Discrepancy Sequence:
=========================
Dimension of space: 1
Index: 0
Verbose logging: F
Skip: 0
Leap: 0
Started Up: T
Speed: fast
 
Low Discrepancy Sequence: Halton Fast
=========================
Primes List (100 primes): [2 3 5 7 11 13 17 19 23 29] ...
Maximum number of simulations = 2.147D+09

Abstract Low Discrepancy Sequence:
=========================
Dimension of space: 1
Index: 0
Verbose logging: F
Skip: 0
Leap: 0
Started Up: T
Speed: fast
 
!Low Discrepancy Sequence:                                  !
!                                                           !
!=========================                                  !
!                                                           !
!method: faure                                              !
!                                                           !
!sequence: <a Low Discrepancy Sequence>                     !
!                                                           !
!                                                           !
!                                                           !
!Low Discrepancy Sequence: Faure Fast                       !
!                                                           !
!=========================                                  !
!                                                           !
!Primes List (100 primes): [2 3 5 7 11 13 17 19 23 29] ...  !
!                                                           !
!Maximum number of simulations = 2.147D+09                  !
!                                                           !
!                                                           !
!                                                           !
!Abstract Low Discrepancy Sequence:                         !
!                                                           !
!=========================                                  !
!                                                           !
!Dimension of space: 1                                      !
!                                                           !
!Index: 0                                                   !
!                                                           !
!Verbose logging: F                                         !
!                                                           !
!Skip: 0                                                    !
!                                                           !
!Leap: 0                                                    !
!                                                           !
!Started Up: F                                              !
!                                                           !
!Speed: fast                                                !
 
Low Discrepancy Sequence:
=========================
method: faure
sequence: <a Low Discrepancy Sequence>

Low Discrepancy Sequence: Faure Fast
=========================
Primes List (100 primes): [2 3 5 7 11 13 17 19 23 29] ...
Maximum number of simulations = 2.147D+09

Abstract Low Discrepancy Sequence:
=========================
Dimension of space: 1
Index: 0
Verbose logging: F
Skip: 0
Leap: 0
Started Up: F
Speed: fast
 
!Low Discrepancy Sequence:                                  !
!                                                           !
!=========================                                  !
!                                                           !
!method: faure                                              !
!                                                           !
!sequence: <a Low Discrepancy Sequence>                     !
!                                                           !
!                                                           !
!                                                           !
!Low Discrepancy Sequence: Faure Fast                       !
!                                                           !
!=========================                                  !
!                                                           !
!Primes List (100 primes): [2 3 5 7 11 13 17 19 23 29] ...  !
!                                                           !
!Maximum number of simulations = 2.147D+09                  !
!                                                           !
!                                                           !
!                                                           !
!Abstract Low Discrepancy Sequence:                         !
!                                                           !
!=========================                                  !
!                                                           !
!Dimension of space: 1                                      !
!                                                           !
!Index: 0                                                   !
!                                                           !
!Verbose logging: F                                         !
!                                                           !
!Skip: 0                                                    !
!                                                           !
!Leap: 0                                                    !
!                                                           !
!Started Up: T                                              !
!                                                           !
!Speed: fast                                                !
 
Low Discrepancy Sequence:
=========================
method: faure
sequence: <a Low Discrepancy Sequence>

Low Discrepancy Sequence: Faure Fast
=========================
Primes List (100 primes): [2 3 5 7 11 13 17 19 23 29] ...
Maximum number of simulations = 2.147D+09

Abstract Low Discrepancy Sequence:
=========================
Dimension of space: 1
Index: 0
Verbose logging: F
Skip: 0
Leap: 0
Started Up: T
Speed: fast
 
Low Discrepancy Sequence: Faure Fast
=========================
Primes List (100 primes): [2 3 5 7 11 13 17 19 23 29] ...
Maximum number of simulations = 2.147D+09

Abstract Low Discrepancy Sequence:
=========================
Dimension of space: 1
Index: 0
Verbose logging: F
Skip: 0
Leap: 0
Started Up: T
Speed: fast
 
!Low Discrepancy Sequence:                                  !
!                                                           !
!=========================                                  !
!                                                           !
!method: reversehalton                                      !
!                                                           !
!sequence: <a Low Discrepancy Sequence>                     !
!                                                           !
!                                                           !
!                                                           !
!Low Discrepancy Sequence: Fast Reverse Halton              !
!                                                           !
!=========================                                  !
!                                                           !
!Primes List (100 primes): [2 3 5 7 11 13 17 19 23 29] ...  !
!                                                           !
!Maximum number of simulations = 2.147484e+009              !
!                                                           !
!                                                           !
!                                                           !
!Abstract Low Discrepancy Sequence:                         !
!                                                           !
!=========================                                  !
!                                                           !
!Dimension of space: 1                                      !
!                                                           !
!Index: 0                                                   !
!                                                           !
!Verbose logging: F                                         !
!                                                           !
!Skip: 0                                                    !
!                                                           !
!Leap: 0                                                    !
!                                                           !
!Started Up: F                                              !
!                                                           !
!Speed: fast                                                !
 
Low Discrepancy Sequence:
=========================
method: reversehalton
sequence: <a Low Discrepancy Sequence>

Low Discrepancy Sequence: Fast Reverse Halton
=========================
Primes List (100 primes): [2 3 5 7 11 13 17 19 23 29] ...
Maximum number of simulations = 2.147484e+009

Abstract Low Discrepancy Sequence:
=========================
Dimension of space: 1
Index: 0
Verbose logging: F
Skip: 0
Leap: 0
Started Up: F
Speed: fast
 
!Low Discrepancy Sequence:                                  !
!                                                           !
!=========================                                  !
!                                                           !
!method: reversehalton                                      !
!                                                           !
!sequence: <a Low Discrepancy Sequence>                     !
!                                                           !
!                                                           !
!                                                           !
!Low Discrepancy Sequence: Fast Reverse Halton              !
!                                                           !
!=========================                                  !
!                                                           !
!Primes List (100 primes): [2 3 5 7 11 13 17 19 23 29] ...  !
!                                                           !
!Maximum number of simulations = 2.147484e+009              !
!                                                           !
!                                                           !
!                                                           !
!Abstract Low Discrepancy Sequence:                         !
!                                                           !
!=========================                                  !
!                                                           !
!Dimension of space: 1                                      !
!                                                           !
!Index: 0                                                   !
!                                                           !
!Verbose logging: F                                         !
!                                                           !
!Skip: 0                                                    !
!                                                           !
!Leap: 0                                                    !
!                                                           !
!Started Up: T                                              !
!                                                           !
!Speed: fast                                                !
 
Low Discrepancy Sequence:
=========================
method: reversehalton
sequence: <a Low Discrepancy Sequence>

Low Discrepancy Sequence: Fast Reverse Halton
=========================
Primes List (100 primes): [2 3 5 7 11 13 17 19 23 29] ...
Maximum number of simulations = 2.147484e+009

Abstract Low Discrepancy Sequence:
=========================
Dimension of space: 1
Index: 0
Verbose logging: F
Skip: 0
Leap: 0
Started Up: T
Speed: fast
 
Low Discrepancy Sequence: Fast Reverse Halton
=========================
Primes List (100 primes): [2 3 5 7 11 13 17 19 23 29] ...
Maximum number of simulations = 2.147484e+009

Abstract Low Discrepancy Sequence:
=========================
Dimension of space: 1
Index: 0
Verbose logging: F
Skip: 0
Leap: 0
Started Up: T
Speed: fast
 
!Low Discrepancy Sequence:                  !
!                                           !
!=========================                  !
!                                           !
!method: sobol                              !
!                                           !
!sequence: <a Low Discrepancy Sequence>     !
!                                           !
!                                           !
!                                           !
!Low Discrepancy Sequence: Fast Sobol       !
!                                           !
!=========================                  !
!                                           !
!Maximum dimension = 1111                   !
!                                           !
!Maximum number of simulations = 1.074D+09  !
!                                           !
!                                           !
!                                           !
!Abstract Low Discrepancy Sequence:         !
!                                           !
!=========================                  !
!                                           !
!Dimension of space: 1                      !
!                                           !
!Index: 0                                   !
!                                           !
!Verbose logging: F                         !
!                                           !
!Skip: 0                                    !
!                                           !
!Leap: 0                                    !
!                                           !
!Started Up: F                              !
!                                           !
!Speed: fast                                !
 
Low Discrepancy Sequence:
=========================
method: sobol
sequence: <a Low Discrepancy Sequence>

Low Discrepancy Sequence: Fast Sobol
=========================
Maximum dimension = 1111
Maximum number of simulations = 1.074D+09

Abstract Low Discrepancy Sequence:
=========================
Dimension of space: 1
Index: 0
Verbose logging: F
Skip: 0
Leap: 0
Started Up: F
Speed: fast
 
!Low Discrepancy Sequence:                  !
!                                           !
!=========================                  !
!                                           !
!method: sobol                              !
!                                           !
!sequence: <a Low Discrepancy Sequence>     !
!                                           !
!                                           !
!                                           !
!Low Discrepancy Sequence: Fast Sobol       !
!                                           !
!=========================                  !
!                                           !
!Maximum dimension = 1111                   !
!                                           !
!Maximum number of simulations = 1.074D+09  !
!                                           !
!                                           !
!                                           !
!Abstract Low Discrepancy Sequence:         !
!                                           !
!=========================                  !
!                                           !
!Dimension of space: 1                      !
!                                           !
!Index: 0                                   !
!                                           !
!Verbose logging: F                         !
!                                           !
!Skip: 0                                    !
!                                           !
!Leap: 0                                    !
!                                           !
!Started Up: T                              !
!                                           !
!Speed: fast                                !
 
Low Discrepancy Sequence:
=========================
method: sobol
sequence: <a Low Discrepancy Sequence>

Low Discrepancy Sequence: Fast Sobol
=========================
Maximum dimension = 1111
Maximum number of simulations = 1.074D+09

Abstract Low Discrepancy Sequence:
=========================
Dimension of space: 1
Index: 0
Verbose logging: F
Skip: 0
Leap: 0
Started Up: T
Speed: fast
 
Low Discrepancy Sequence: Fast Sobol
=========================
Maximum dimension = 1111
Maximum number of simulations = 1.074D+09

Abstract Low Discrepancy Sequence:
=========================
Dimension of space: 1
Index: 0
Verbose logging: F
Skip: 0
Leap: 0
Started Up: T
Speed: fast
 
!Low Discrepancy Sequence:                                             !
!                                                                      !
!=========================                                             !
!                                                                      !
!method: niederreiter                                                  !
!                                                                      !
!sequence: <a Low Discrepancy Sequence>                                !
!                                                                      !
!                                                                      !
!                                                                      !
!Low Discrepancy Sequence: Fast Niederreiter                           !
!                                                                      !
!=========================                                             !
!                                                                      !
!Base: 2                                                               !
!                                                                      !
!Gfaritfile: TMPDIR\gfarit.txt !
!                                                                      !
!Gfplysfile: TMPDIR\gfplys.txt !
!                                                                      !
!Maximum dimension = 50                                                !
!                                                                      !
!Maximum number of simulations = 2.147D+09                             !
!                                                                      !
!                                                                      !
!                                                                      !
!Abstract Low Discrepancy Sequence:                                    !
!                                                                      !
!=========================                                             !
!                                                                      !
!Dimension of space: 1                                                 !
!                                                                      !
!Index: 0                                                              !
!                                                                      !
!Verbose logging: F                                                    !
!                                                                      !
!Skip: 0                                                               !
!                                                                      !
!Leap: 0                                                               !
!                                                                      !
!Started Up: F                                                         !
!                                                                      !
!Speed: fast                                                           !
 
Low Discrepancy Sequence:
=========================
method: niederreiter
sequence: <a Low Discrepancy Sequence>

Low Discrepancy Sequence: Fast Niederreiter
=========================
Base: 2
Gfaritfile: TMPDIR\gfarit.txt
Gfplysfile: TMPDIR\gfplys.txt
Maximum dimension = 50
Maximum number of simulations = 2.147D+09

Abstract Low Discrepancy Sequence:
=========================
Dimension of space: 1
Index: 0
Verbose logging: F
Skip: 0
Leap: 0
Started Up: F
Speed: fast
 
!Low Discrepancy Sequence:                                             !
!                                                                      !
!=========================                                             !
!                                                                      !
!method: niederreiter                                                  !
!                                                                      !
!sequence: <a Low Discrepancy Sequence>                                !
!                                                                      !
!                                                                      !
!                                                                      !
!Low Discrepancy Sequence: Fast Niederreiter                           !
!                                                                      !
!=========================                                             !
!                                                                      !
!Base: 2                                                               !
!                                                                      !
!Gfaritfile: TMPDIR\gfarit.txt !
!                                                                      !
!Gfplysfile: TMPDIR\gfplys.txt !
!                                                                      !
!Maximum dimension = 50                                                !
!                                                                      !
!Maximum number of simulations = 2.147D+09                             !
!                                                                      !
!                                                                      !
!                                                                      !
!Abstract Low Discrepancy Sequence:                                    !
!                                                                      !
!=========================                                             !
!                                                                      !
!Dimension of space: 1                                                 !
!                                                                      !
!Index: 0                                                              !
!                                                                      !
!Verbose logging: F                                                    !
!                                                                      !
!Skip: 0                                                               !
!                                                                      !
!Leap: 0                                                               !
!                                                                      !
!Started Up: T                                                         !
!                                                                      !
!Speed: fast                                                           !
 
Low Discrepancy Sequence:
=========================
method: niederreiter
sequence: <a Low Discrepancy Sequence>

Low Discrepancy Sequence: Fast Niederreiter
=========================
Base: 2
Gfaritfile: TMPDIR\gfarit.txt
Gfplysfile: TMPDIR\gfplys.txt
Maximum dimension = 50
Maximum number of simulations = 2.147D+09

Abstract Low Discrepancy Sequence:
=========================
Dimension of space: 1
Index: 0
Verbose logging: F
Skip: 0
Leap: 0
Started Up: T
Speed: fast
 
Low Discrepancy Sequence: Fast Niederreiter
=========================
Base: 2
Gfaritfile: TMPDIR\gfarit.txt
Gfplysfile: TMPDIR\gfplys.txt
Maximum dimension = 50
Maximum number of simulations = 2.147D+09

Abstract Low Discrepancy Sequence:
=========================
Dimension of space: 1
Index: 0
Verbose logging: F
Skip: 0
Leap: 0
Started Up: T
Speed: fast
